// Jest Snapshot v1, https://goo.gl/fbAQLP

exports[`should render a lower banner image on hover 1`] = `
<section
  id="lower-banner"
>
  <a
    href="/auctions/auction/CH080117"
    onClick={[Function]}
  >
    <picture>
      <source
        media="(min-width: 480px)"
        srcSet="https://8675fa3b12fbaae97df1-49af760ec3cce3b92480c70a3569b570.ssl.cf2.rackcdn.com/HomePage/lowerBanner-1-desktop.jpg"
      />
      <img
        alt="â€¦"
        srcSet="https://8675fa3b12fbaae97df1-49af760ec3cce3b92480c70a3569b570.ssl.cf2.rackcdn.com/HomePage/lowerBanner-1-mobile.jpg"
      />
    </picture>
  </a>
</section>
`;
