// Jest Snapshot v1, https://goo.gl/fbAQLP

exports[`should render a grid 1`] = `
<div
  className="phillips-grid col-xs-12"
>
  <h2>
    Features
  </h2>
  <ul
    className="featuredContent row"
  >
    <li
      className="undefined grid-item"
    >
      <a
        href="https://www.phillips.com/Video/default?VideoID=190"
      >
        <div
          className="content-wrapper"
        >
          <div
            className="image-container"
            style={
              Object {
                "backgroundImage": "url(https://8675fa3b12fbaae97df1-49af760ec3cce3b92480c70a3569b570.ssl.cf2.rackcdn.com/HomePage/featuredContent-186.jpg)",
                "backgroundPosition": "50% 50%",
                "backgroundSize": "cover",
              }
            }
          />
          <span
            className="caption"
            dangerouslySetInnerHTML={
              Object {
                "__html": "Feature Video | Photographs",
              }
            }
          />
        </div>
      </a>
    </li>
    <li
      className="undefined grid-item"
    >
      <a
        href="https://www.phillips.com/Video/default?VideoID=190"
      >
        <div
          className="content-wrapper"
        >
          <div
            className="image-container"
            style={
              Object {
                "backgroundImage": "url(https://8675fa3b12fbaae97df1-49af760ec3cce3b92480c70a3569b570.ssl.cf2.rackcdn.com/HomePage/featuredContent-186.jpg)",
                "backgroundPosition": "50% 50%",
                "backgroundSize": "cover",
              }
            }
          />
          <span
            className="caption"
            dangerouslySetInnerHTML={
              Object {
                "__html": "Feature Video | Photographs",
              }
            }
          />
        </div>
      </a>
    </li>
    <li
      className="undefined grid-item"
    >
      <a
        href="https://www.phillips.com/Video/default?VideoID=190"
      >
        <div
          className="content-wrapper"
        >
          <div
            className="image-container"
            style={
              Object {
                "backgroundImage": "url(https://8675fa3b12fbaae97df1-49af760ec3cce3b92480c70a3569b570.ssl.cf2.rackcdn.com/HomePage/featuredContent-186.jpg)",
                "backgroundPosition": "50% 50%",
                "backgroundSize": "cover",
              }
            }
          />
          <span
            className="caption"
            dangerouslySetInnerHTML={
              Object {
                "__html": "Feature Video | Photographs",
              }
            }
          />
        </div>
      </a>
    </li>
    <li
      className="undefined grid-item"
    >
      <a
        href="https://www.phillips.com/Video/default?VideoID=190"
      >
        <div
          className="content-wrapper"
        >
          <div
            className="image-container"
            style={
              Object {
                "backgroundImage": "url(https://8675fa3b12fbaae97df1-49af760ec3cce3b92480c70a3569b570.ssl.cf2.rackcdn.com/HomePage/featuredContent-186.jpg)",
                "backgroundPosition": "50% 50%",
                "backgroundSize": "cover",
              }
            }
          />
          <span
            className="caption"
            dangerouslySetInnerHTML={
              Object {
                "__html": "Feature Video | Photographs",
              }
            }
          />
        </div>
      </a>
    </li>
  </ul>
  <div
    className="show-more"
    onClick={[Function]}
  >
    Explore More
  </div>
</div>
`;
